Note: src/main/java/burp/ConfigManager.java uses unchecked or unsafe operations.
Note: Recompile with -Xlint:unchecked for details.
